Document [DefinitionOperation (Query "queryName" [VariableDefinition (Variable "foo") (TypeNamed (NamedType "ComplexType")) Nothing,VariableDefinition (Variable "site") (TypeNamed (NamedType "Site")) (Just (ValueEnum "MOBILE"))] [] [SelectionField (Field "whoever123is" "node" [Argument "id" (ValueList (ListValue [ValueInt 123,ValueInt 456]))] [] [SelectionField (Field "" "id" [] [] []),SelectionInlineFragment (InlineFragment (NamedType "User") [Directive "defer" []] [SelectionField (Field "" "field2" [] [] [SelectionField (Field "" "id" [] [] []),SelectionField (Field "alias" "field1" [Argument "first" (ValueInt 10),Argument "after" (ValueVariable (Variable "foo"))] [Directive "include" [Argument "if" (ValueVariable (Variable "foo"))]] [SelectionField (Field "" "id" [] [] []),SelectionFragmentSpread (FragmentSpread "frag" [])])])])])]),DefinitionOperation (Mutation "likeStory" [] [] [SelectionField (Field "" "like" [Argument "story" (ValueInt 123)] [Directive "defer" []] [SelectionField (Field "" "story" [] [] [SelectionField (Field "" "id" [] [] [])])])]),DefinitionFragment (FragmentDefinition "frag" (NamedType "Friend") [] [SelectionField (Field "" "foo" [Argument "size" (ValueVariable (Variable "size")),Argument "bar" (ValueVariable (Variable "b")),Argument "obj" (ValueObject (ObjectValue [ObjectField "key" (ValueString "value")]))] [] [])])]
